<html>
<body>
<pre>
<h1>礦ision Build Log</h1>
<h2>Tool Versions:</h2>
IDE-Version: μVision V5.14.0.0
Copyright (C) 2015 ARM Ltd and ARM Germany GmbH. All rights reserved.
License Information: a Achiever, a, LIC=0VRAR-KFGZ4-UKKB6-D1MA0-Z9PMD-KKGKA
 
Tool Versions:
Toolchain:       MDK-ARM Professional  Version: 5.14.0.0
Toolchain Path:  D:\Software\code_software\keil\mian\ARM\ARMCC\Bin
C Compiler:      Armcc.exe V5.05 update 1 (build 106)
Assembler:       Armasm.exe V5.05 update 1 (build 106)
Linker/Locator:  ArmLink.exe V5.05 update 1 (build 106)
Library Manager: ArmAr.exe V5.05 update 1 (build 106)
Hex Converter:   FromElf.exe V5.05 update 1 (build 106)
CPU DLL:         SARMCM3.DLL V5.14.0.0
Dialog DLL:      DCM.DLL V1.13.1.0
Target DLL:      STLink\ST-LINKIII-KEIL_SWO.dll V2.0.14.0_KEIL
Dialog DLL:      TCM.DLL V1.14.4.0
 
<h2>Project:</h2>
C:\Users\Achiever\Desktop\指纹识别系统-V1.5\指纹识别系统\project\Project.uvprojx
Project File Date:  05/10/2024

<h2>Output:</h2>
Build target 'Target 1'
compiling usart1.c...
Usart\usart1.c(136): warning:  #223-D: function "delay_and_display" declared implicitly
                delay_and_display("Waiting data", 3000);
Usart\usart1.c(140): warning:  #68-D: integer conversion resulted in a change of sign
                        return -1;
Usart\usart1.c: 2 warnings, 0 errors
linking...
Program Size: Code=16052 RO-data=2320 RW-data=68 ZI-data=2812  
".\Objects\Project.axf" - 0 Error(s), 2 Warning(s).

<h2>Collection of Component include folders:</h2>
  C:\Users\Achiever\Desktop\指纹识别系统-V1.5\指纹识别系统\project\RTE
  D:\Software\code_software\keil\pack\Keil\STM32F1xx_DFP\1.0.5\Device\Include

<h2>Collection of Component Files used:</h2>
</pre>
</body>
</html>
